#1#1#1#1#1#1#1#1#1#1#1#1#1#1#1#1#1#1#1#1#1#1#1#1#1#1#1#1#1....#1#1#1#1#1#1#1#1#1#1#1#1#1#1#1#1#1#1#1#1#1#1#1#1..#1#1#1#1#1#1#1#1#1#1#1#1#1#1#1#1#1#1#1
#1....\У..\т\о\р\г\о\в\ц\а..\м\о\ж\н\о..\к\у\п\и\т\ь....#1....#1................\Э\т\о..\N\P\C..............#1..#1..\У\б\е\й\т\е..\м\о\н\с\т\р\а\!..#1
#1........\п\р\и\п\а\с\ы..\и..\с\н\а\р\я\ж\е\н\и\е......#1#1#1#1......\П\о\г\о\в\о\р\и\т\е..\с..\н\и\м......#1#1#1..................................#1
#1..................................................................................................................................................#1
#1..PR..............................................................................................................................................#1
#1..................................................................................................................................................#1
#1..........................S1..........................#1#1#1#1......................N1....................#1#1#1................M1................#1
#1......................................................#1....#1............................................#1..#1..................................#1
#1#1#1#1#1#1#1#1#1#1#1#1#1#1#1#1#1#1#1#1#1#1#1#1#1#1#1#1#1....#1#1#1#1#1#1#1#1#1#1#1#1#1#1#1#1#1#1#1#1#1#1#1#1..#1#1#1#1#1#1#1..........#1#1#1#1#1#1#1
............................................................................................................................#1..........#1
............................................................................................................................#1..........#1
............................................................................................................................#1..........#1
..........................................................................................................#1#1#1#1#1#1#1#1#1#1..........#1#1#1#1#1#1#1#1#1#1
..........................................................................................................#1..............................................#1
..........................................................................................................#1..............\Э\т\о..\д\е\р\е\в\ь\я..........#1
..........................................................................................................#1......\О\н\и..\с\к\р\ы\в\а\ю\т..\и\г\р\о\к\а..#1
..........................................................................................................#1......\Б\у\д\ь\т\е..\в\н\и\м\а\т\е\л\ь\н\ы\!..#1
..........................................................................................................#1T1T1T1T1T1T1T1T1T1T1T1T1T1T1T1T1T1T1T1T1T1T1T1#1
..........................................................................................................#1T1T1T1T1T1T1T1T1T1T1M9M9M9T1T1T1T1T1T1T1T1T1T1#1
..........................................................................................................#1T1T1T1T1T1T1T1T1T1T1T1T1T1T1T1T1T1T1T1T1T1T1T1#1
..........................................................................................................#1T1T1T1T1T1T1T1T1T1T1T1T1T1T1T1T1T1T1T1T1T1T1T1#1
..........................................................................................................#1#1#1#1#1#1#1#1#1#1#1#1#1#1#1#1#1#1#1#1#1#1#1#1#1